// Jest Snapshot v1, https://goo.gl/fbAQLP

exports[`TimelineNode component renders 1`] = `
<div>
  <div
    class="flex items-center justify-end h-48"
  >
    <div
      class="opacity-0 transition-opacity duration-1000"
    >
      <img
        alt="Acme"
        class="w-16 md:w-24 lg:w-32 mr-8"
        src="#"
      />
    </div>
    <div
      class="mr-8 opacity-0 transition-opacity duration-1000"
    >
      <p
        class="text-3xl"
      >
        Acme
      </p>
      <p
        class="text-xl"
      >
        CEO
      </p>
      <p>
        January 2000 - Present
      </p>
    </div>
    <div
      class="h-px border border-timeline w-6 max-w-[12rem] grow"
    />
  </div>
  <div
    class="hidden md:block"
  />
</div>
`;
