// Jest Snapshot v1, https://goo.gl/fbAQLP

exports[`About page renders 1`] = `
<div>
  <div
    class="first:pt-24 container text-primary py-8 last:pb-16"
  >
    <h1
      class="project-title mb-8 text-center md:text-left"
    >
      About Me
    </h1>
    <p
      class="mt-4 mb-8 max-w-reading"
    >
      Hello, I'm Kyle, a Front-End Engineer at Atom Learning and Computer Science MEng graduate of the University of Warwick. Interests lie in bouldering, cycling, guitar, movies, and physics. I enjoy learning new languages, frameworks and technologies and have pursued multiple personal projects putting these skills into practice, detailed below.
    </p>
    <div
      class="flex justify-center md:block"
    >
      <a
        class="w-fit shimmer group flex items-center px-12 py-4 bg-background text-link hover:text-link-hover focus:text-link-hover rounded-full border-2 shadow border-link hover:border-link-hover focus:border-link-hover"
        href="/CV.pdf"
        rel="noopener noreferrer"
        target="_blank"
      >
        <p>
          Read my CV
        </p>
        <svg
          class="float-right ml-4 w-4 h-4 fill-link group-hover:fill-link-hover group-focus:fill-link-hover"
          enable-background="new 0 0 24 24"
          viewBox="0 0 24 24"
          xmlns="http://www.w3.org/2000/svg"
        >
          <g>
            <path
              d="M0,0h24v24H0V0z"
              fill="none"
            />
          </g>
          <g>
            <polygon
              points="6.23,20.23 8,22 18,12 8,2 6.23,3.77 14.46,12"
            />
          </g>
        </svg>
      </a>
    </div>
  </div>
  <hr
    class="m-8 h-px bg-divider"
  />
  <div
    class="first:pt-24 container text-primary py-8 last:pb-16"
    id="web-development"
  >
    <h2
      class="project-header text-center md:text-left"
    >
      Web Development
    </h2>
    <div
      class="flex flex-row justify-center py-6"
    >
      <div
        class="w-3/12 lg:w-4/12 flex items-center"
      >
        <div
          class="progress-web progress overflow-hidden"
        >
          <div
            class="w-[90%] custom-duration progress-bar transition-transform ease-in-out -translate-x-full"
            style="--duration-factor: 90;"
          />
        </div>
      </div>
      <div
        class="w-9/12 lg:w-8/12 ml-6 flex items-center"
      >
        <img
          alt="JavaScript logo"
          class="opacity-0 w-8 h-8 mr-4 transition-opacity duration-500"
          loading="lazy"
          src="javascript.svg"
        />
        <div>
          <p>
            <span
              class="font-extrabold text-lg"
            >
              JavaScript
            </span>
             -
             
            <span
              class="text-sm"
            >
              LucidLab, Graph Algorithm Visualiser, RSCBot
            </span>
          </p>
        </div>
      </div>
    </div>
    <div
      class="flex flex-row justify-center py-6"
    >
      <div
        class="w-3/12 lg:w-4/12 flex items-center"
      >
        <div
          class="progress-web progress overflow-hidden"
        >
          <div
            class="w-[75%] custom-duration progress-bar transition-transform ease-in-out -translate-x-full"
            style="--duration-factor: 75;"
          />
        </div>
      </div>
      <div
        class="w-9/12 lg:w-8/12 ml-6 flex items-center"
      >
        <img
          alt="TypeScript logo"
          class="opacity-0 w-8 h-8 mr-4 transition-opacity duration-500"
          loading="lazy"
          src="typescript.svg"
        />
        <div>
          <p>
            <span
              class="font-extrabold text-lg"
            >
              TypeScript
            </span>
             -
             
            <span
              class="text-sm"
            >
              Atom, Portfolio
            </span>
          </p>
        </div>
      </div>
    </div>
    <div
      class="flex flex-row justify-center py-6"
    >
      <div
        class="w-3/12 lg:w-4/12 flex items-center"
      >
        <div
          class="progress-web progress overflow-hidden"
        >
          <div
            class="w-[75%] custom-duration progress-bar transition-transform ease-in-out -translate-x-full"
            style="--duration-factor: 75;"
          />
        </div>
      </div>
      <div
        class="w-9/12 lg:w-8/12 ml-6 flex items-center"
      >
        <img
          alt="React logo"
          class="opacity-0 w-8 h-8 mr-4 transition-opacity duration-500"
          loading="lazy"
          src="react.svg"
        />
        <div>
          <p>
            <span
              class="font-extrabold text-lg"
            >
              React
            </span>
             -
             
            <span
              class="text-sm"
            >
              Atom, Portfolio, LucidLab, Minesweeper
            </span>
          </p>
        </div>
      </div>
    </div>
    <div
      class="flex flex-row justify-center py-6"
    >
      <div
        class="w-3/12 lg:w-4/12 flex items-center"
      >
        <div
          class="progress-web progress overflow-hidden"
        >
          <div
            class="w-[75%] custom-duration progress-bar transition-transform ease-in-out -translate-x-full"
            style="--duration-factor: 75;"
          />
        </div>
      </div>
      <div
        class="w-9/12 lg:w-8/12 ml-6 flex items-center"
      >
        <img
          alt="Tailwind logo"
          class="opacity-0 w-8 h-8 mr-4 transition-opacity duration-500"
          loading="lazy"
          src="tailwind.svg"
        />
        <div>
          <p>
            <span
              class="font-extrabold text-lg"
            >
              Tailwind
            </span>
             -
             
            <span
              class="text-sm"
            >
              Portfolio
            </span>
          </p>
        </div>
      </div>
    </div>
    <div
      class="flex flex-row justify-center py-6"
    >
      <div
        class="w-3/12 lg:w-4/12 flex items-center"
      >
        <div
          class="progress-web progress overflow-hidden"
        >
          <div
            class="w-[90%] custom-duration progress-bar transition-transform ease-in-out -translate-x-full"
            style="--duration-factor: 90;"
          />
        </div>
      </div>
      <div
        class="w-9/12 lg:w-8/12 ml-6 flex items-center"
      >
        <img
          alt="HTML logo"
          class="opacity-0 w-8 h-8 mr-4 transition-opacity duration-500"
          loading="lazy"
          src="html.svg"
        />
        <div>
          <p>
            <span
              class="font-extrabold text-lg"
            >
              HTML
            </span>
             -
             
            <span
              class="text-sm"
            >
              Portfolio, BSplit, To Do List
            </span>
          </p>
        </div>
      </div>
    </div>
    <div
      class="flex flex-row justify-center py-6"
    >
      <div
        class="w-3/12 lg:w-4/12 flex items-center"
      >
        <div
          class="progress-web progress overflow-hidden"
        >
          <div
            class="w-[90%] custom-duration progress-bar transition-transform ease-in-out -translate-x-full"
            style="--duration-factor: 90;"
          />
        </div>
      </div>
      <div
        class="w-9/12 lg:w-8/12 ml-6 flex items-center"
      >
        <img
          alt="CSS logo"
          class="opacity-0 w-8 h-8 mr-4 transition-opacity duration-500"
          loading="lazy"
          src="css.svg"
        />
        <div>
          <p>
            <span
              class="font-extrabold text-lg"
            >
              CSS
            </span>
             -
             
            <span
              class="text-sm"
            >
              Atom, Portfolio, LucidLab, BSplit
            </span>
          </p>
        </div>
      </div>
    </div>
    <div
      class="flex flex-row justify-center py-6"
    >
      <div
        class="w-3/12 lg:w-4/12 flex items-center"
      >
        <div
          class="progress-web progress overflow-hidden"
        >
          <div
            class="w-[50%] custom-duration progress-bar transition-transform ease-in-out -translate-x-full"
            style="--duration-factor: 50;"
          />
        </div>
      </div>
      <div
        class="w-9/12 lg:w-8/12 ml-6 flex items-center"
      >
        <img
          alt="PHP logo"
          class="opacity-0 w-8 h-8 mr-4 transition-opacity duration-500"
          loading="lazy"
          src="php.svg"
        />
        <div>
          <p>
            <span
              class="font-extrabold text-lg"
            >
              PHP
            </span>
             -
             
            <span
              class="text-sm"
            >
              BSplit, To Do List
            </span>
          </p>
        </div>
      </div>
    </div>
    <p
      class="font-extrabold text-lg text-center md:text-left mb-8 mt-16"
    >
      Additional experience in
    </p>
    <div
      class="grid xl:grid-cols-12 md:grid-cols-6 grid-cols-3"
    >
      <div
        class="text-center mb-8"
      >
        <img
          alt="Node.js Logo"
          class="w-8 h-8 mb-2 mx-auto"
          loading="lazy"
          src="node.svg"
        />
        <p
          class="text-sm"
        >
          Node.js
        </p>
      </div>
      <div
        class="text-center mb-8"
      >
        <img
          alt="jQuery Logo"
          class="w-8 h-8 mb-2 mx-auto"
          loading="lazy"
          src="jquery.svg"
        />
        <p
          class="text-sm"
        >
          jQuery
        </p>
      </div>
      <div
        class="text-center mb-8"
      >
        <img
          alt="Bootstrap Logo"
          class="w-8 h-8 mb-2 mx-auto"
          loading="lazy"
          src="bootstrap.svg"
        />
        <p
          class="text-sm"
        >
          Bootstrap
        </p>
      </div>
      <div
        class="text-center mb-8"
      >
        <img
          alt="Materialize Logo"
          class="w-8 h-8 mb-2 mx-auto"
          loading="lazy"
          src="materialize.svg"
        />
        <p
          class="text-sm"
        >
          Materialize
        </p>
      </div>
      <div
        class="text-center mb-8"
      >
        <img
          alt="Webix Logo"
          class="w-8 h-8 mb-2 mx-auto"
          loading="lazy"
          src="webix.svg"
        />
        <p
          class="text-sm"
        >
          Webix
        </p>
      </div>
      <div
        class="text-center mb-8"
      >
        <img
          alt="Heroku Logo"
          class="w-8 h-8 mb-2 mx-auto"
          loading="lazy"
          src="heroku.svg"
        />
        <p
          class="text-sm"
        >
          Heroku
        </p>
      </div>
    </div>
  </div>
  <hr
    class="m-8 h-px bg-divider"
  />
  <div
    class="first:pt-24 container text-primary py-8 last:pb-16"
    id="programming-languages"
  >
    <h2
      class="project-header text-center md:text-left"
    >
      Programming Languages
    </h2>
    <div
      class="flex flex-row justify-center py-6"
    >
      <div
        class="w-3/12 lg:w-4/12 flex items-center"
      >
        <div
          class="progress-programming progress overflow-hidden"
        >
          <div
            class="w-[90%] custom-duration progress-bar transition-transform ease-in-out -translate-x-full"
            style="--duration-factor: 90;"
          />
        </div>
      </div>
      <div
        class="w-9/12 lg:w-8/12 ml-6 flex items-center"
      >
        <img
          alt="Python logo"
          class="opacity-0 w-8 h-8 mr-4 transition-opacity duration-500"
          loading="lazy"
          src="python.svg"
        />
        <div>
          <p>
            <span
              class="font-extrabold text-lg"
            >
              Python
            </span>
             -
             
            <span
              class="text-sm"
            >
              Bank of America, Logical Sudoku Solver, ML, Image Analysis
            </span>
          </p>
        </div>
      </div>
    </div>
    <div
      class="flex flex-row justify-center py-6"
    >
      <div
        class="w-3/12 lg:w-4/12 flex items-center"
      >
        <div
          class="progress-programming progress overflow-hidden"
        >
          <div
            class="w-[80%] custom-duration progress-bar transition-transform ease-in-out -translate-x-full"
            style="--duration-factor: 80;"
          />
        </div>
      </div>
      <div
        class="w-9/12 lg:w-8/12 ml-6 flex items-center"
      >
        <img
          alt="Java logo"
          class="opacity-0 w-8 h-8 mr-4 transition-opacity duration-500"
          loading="lazy"
          src="java.svg"
        />
        <div>
          <p>
            <span
              class="font-extrabold text-lg"
            >
              Java
            </span>
             -
             
            <span
              class="text-sm"
            >
              Robot Maze, Steganography
            </span>
          </p>
        </div>
      </div>
    </div>
    <div
      class="flex flex-row justify-center py-6"
    >
      <div
        class="w-3/12 lg:w-4/12 flex items-center"
      >
        <div
          class="progress-programming progress overflow-hidden"
        >
          <div
            class="w-[75%] custom-duration progress-bar transition-transform ease-in-out -translate-x-full"
            style="--duration-factor: 75;"
          />
        </div>
      </div>
      <div
        class="w-9/12 lg:w-8/12 ml-6 flex items-center"
      >
        <img
          alt="C# logo"
          class="opacity-0 w-8 h-8 mr-4 transition-opacity duration-500"
          loading="lazy"
          src="csharp.svg"
        />
        <div>
          <p>
            <span
              class="font-extrabold text-lg"
            >
              C#
            </span>
             -
             
            <span
              class="text-sm"
            >
              Sorting Algorithm Visualiser, Delivery Route Planner
            </span>
          </p>
        </div>
      </div>
    </div>
    <div
      class="flex flex-row justify-center py-6"
    >
      <div
        class="w-3/12 lg:w-4/12 flex items-center"
      >
        <div
          class="progress-programming progress overflow-hidden"
        >
          <div
            class="w-[65%] custom-duration progress-bar transition-transform ease-in-out -translate-x-full"
            style="--duration-factor: 65;"
          />
        </div>
      </div>
      <div
        class="w-9/12 lg:w-8/12 ml-6 flex items-center"
      >
        <img
          alt="C++ logo"
          class="opacity-0 w-8 h-8 mr-4 transition-opacity duration-500"
          loading="lazy"
          src="cplusplus.svg"
        />
        <div>
          <p>
            <span
              class="font-extrabold text-lg"
            >
              C++
            </span>
             -
             
            <span
              class="text-sm"
            >
              GLUT Simulation of a Roller Coaster
            </span>
          </p>
        </div>
      </div>
    </div>
    <div
      class="flex flex-row justify-center py-6"
    >
      <div
        class="w-3/12 lg:w-4/12 flex items-center"
      >
        <div
          class="progress-programming progress overflow-hidden"
        >
          <div
            class="w-[50%] custom-duration progress-bar transition-transform ease-in-out -translate-x-full"
            style="--duration-factor: 50;"
          />
        </div>
      </div>
      <div
        class="w-9/12 lg:w-8/12 ml-6 flex items-center"
      >
        <img
          alt="Visual Basic logo"
          class="opacity-0 w-8 h-8 mr-4 transition-opacity duration-500"
          loading="lazy"
          src="vb.svg"
        />
        <div>
          <p>
            <span
              class="font-extrabold text-lg"
            >
              Visual Basic
            </span>
             -
             
            <span
              class="text-sm"
            >
              First Programming Language, Sorting Algorithm Visualiser
            </span>
          </p>
        </div>
      </div>
    </div>
    <div
      class="flex flex-row justify-center py-6"
    >
      <div
        class="w-3/12 lg:w-4/12 flex items-center"
      >
        <div
          class="progress-programming progress overflow-hidden"
        >
          <div
            class="w-[30%] custom-duration progress-bar transition-transform ease-in-out -translate-x-full"
            style="--duration-factor: 30;"
          />
        </div>
      </div>
      <div
        class="w-9/12 lg:w-8/12 ml-6 flex items-center"
      >
        <img
          alt="Haskell logo"
          class="opacity-0 w-8 h-8 mr-4 transition-opacity duration-500"
          loading="lazy"
          src="haskell.svg"
        />
        <div>
          <p>
            <span
              class="font-extrabold text-lg"
            >
              Haskell
            </span>
             -
             
            <span
              class="text-sm"
            >
              Mastermind, Scratch Clone
            </span>
          </p>
        </div>
      </div>
    </div>
    <div
      class="flex flex-row justify-center py-6"
    >
      <div
        class="w-3/12 lg:w-4/12 flex items-center"
      >
        <div
          class="progress-programming progress overflow-hidden"
        >
          <div
            class="w-[20%] custom-duration progress-bar transition-transform ease-in-out -translate-x-full"
            style="--duration-factor: 20;"
          />
        </div>
      </div>
      <div
        class="w-9/12 lg:w-8/12 ml-6 flex items-center"
      >
        <img
          alt="Ruby logo"
          class="opacity-0 w-8 h-8 mr-4 transition-opacity duration-500"
          loading="lazy"
          src="ruby.svg"
        />
        <div>
          <p>
            <span
              class="font-extrabold text-lg"
            >
              Ruby
            </span>
             -
             
            <span
              class="text-sm"
            >
              Minesweeper
            </span>
          </p>
        </div>
      </div>
    </div>
    <div
      class="flex flex-row justify-center py-6"
    >
      <div
        class="w-3/12 lg:w-4/12 flex items-center"
      >
        <div
          class="progress-programming progress overflow-hidden"
        >
          <div
            class="w-[30%] custom-duration progress-bar transition-transform ease-in-out -translate-x-full"
            style="--duration-factor: 30;"
          />
        </div>
      </div>
      <div
        class="w-9/12 lg:w-8/12 ml-6 flex items-center"
      >
        <img
          alt="MATLAB logo"
          class="opacity-0 w-8 h-8 mr-4 transition-opacity duration-500"
          loading="lazy"
          src="matlab.svg"
        />
        <div>
          <p>
            <span
              class="font-extrabold text-lg"
            >
              MATLAB
            </span>
             -
             
            <span
              class="text-sm"
            >
              Image Forensics
            </span>
          </p>
        </div>
      </div>
    </div>
  </div>
  <hr
    class="m-8 h-px bg-divider"
  />
  <div
    class="first:pt-24 container text-primary py-8 last:pb-16"
    id="other-technologies"
  >
    <h2
      class="project-header text-center md:text-left"
    >
      Other Technologies
    </h2>
    <div
      class="flex flex-row justify-center py-6"
    >
      <div
        class="w-3/12 lg:w-4/12 flex items-center"
      >
        <div
          class="progress-other progress overflow-hidden"
        >
          <div
            class="w-[85%] custom-duration progress-bar transition-transform ease-in-out -translate-x-full"
            style="--duration-factor: 85;"
          />
        </div>
      </div>
      <div
        class="w-9/12 lg:w-8/12 ml-6 flex items-center"
      >
        <img
          alt="Git logo"
          class="opacity-0 w-8 h-8 mr-4 transition-opacity duration-500"
          loading="lazy"
          src="git.svg"
        />
        <div>
          <p>
            <span
              class="font-extrabold text-lg"
            >
              Git
            </span>
             -
             
            <span
              class="text-sm"
            >
              All projects
            </span>
          </p>
        </div>
      </div>
    </div>
    <div
      class="flex flex-row justify-center py-6"
    >
      <div
        class="w-3/12 lg:w-4/12 flex items-center"
      >
        <div
          class="progress-other progress overflow-hidden"
        >
          <div
            class="w-[75%] custom-duration progress-bar transition-transform ease-in-out -translate-x-full"
            style="--duration-factor: 75;"
          />
        </div>
      </div>
      <div
        class="w-9/12 lg:w-8/12 ml-6 flex items-center"
      >
        <img
          alt="Bash / Zsh logo"
          class="opacity-0 w-8 h-8 mr-4 transition-opacity duration-500"
          loading="lazy"
          src="bash.svg"
        />
        <div>
          <p>
            <span
              class="font-extrabold text-lg"
            >
              Bash / Zsh
            </span>
             -
             
            <span
              class="text-sm"
            >
              Daily use, All projects
            </span>
          </p>
        </div>
      </div>
    </div>
    <div
      class="flex flex-row justify-center py-6"
    >
      <div
        class="w-3/12 lg:w-4/12 flex items-center"
      >
        <div
          class="progress-other progress overflow-hidden"
        >
          <div
            class="w-[90%] custom-duration progress-bar transition-transform ease-in-out -translate-x-full"
            style="--duration-factor: 90;"
          />
        </div>
      </div>
      <div
        class="w-9/12 lg:w-8/12 ml-6 flex items-center"
      >
        <img
          alt="Markdown logo"
          class="opacity-0 w-8 h-8 mr-4 transition-opacity duration-500"
          loading="lazy"
          src="markdown.svg"
        />
        <div>
          <p>
            <span
              class="font-extrabold text-lg"
            >
              Markdown
            </span>
             -
             
            <span
              class="text-sm"
            >
              GitHub READMEs, Lecture Notes
            </span>
          </p>
        </div>
      </div>
    </div>
    <div
      class="flex flex-row justify-center py-6"
    >
      <div
        class="w-3/12 lg:w-4/12 flex items-center"
      >
        <div
          class="progress-other progress overflow-hidden"
        >
          <div
            class="w-[50%] custom-duration progress-bar transition-transform ease-in-out -translate-x-full"
            style="--duration-factor: 50;"
          />
        </div>
      </div>
      <div
        class="w-9/12 lg:w-8/12 ml-6 flex items-center"
      >
        <img
          alt="SQL logo"
          class="opacity-0 w-8 h-8 mr-4 transition-opacity duration-500"
          loading="lazy"
          src="sql.svg"
        />
        <div>
          <p>
            <span
              class="font-extrabold text-lg"
            >
              SQL
            </span>
             -
             
            <span
              class="text-sm"
            >
              Delivery Route Planner, BSplit
            </span>
          </p>
        </div>
      </div>
    </div>
    <div
      class="flex flex-row justify-center py-6"
    >
      <div
        class="w-3/12 lg:w-4/12 flex items-center"
      >
        <div
          class="progress-other progress overflow-hidden"
        >
          <div
            class="w-[40%] custom-duration progress-bar transition-transform ease-in-out -translate-x-full"
            style="--duration-factor: 40;"
          />
        </div>
      </div>
      <div
        class="w-9/12 lg:w-8/12 ml-6 flex items-center"
      >
        <img
          alt="LaTeX logo"
          class="opacity-0 w-8 h-8 mr-4 transition-opacity duration-500"
          loading="lazy"
          src="latex.svg"
        />
        <div>
          <p>
            <span
              class="font-extrabold text-lg"
            >
              LaTeX
            </span>
             -
             
            <span
              class="text-sm"
            >
              Dissertation, LucidLab
            </span>
          </p>
        </div>
      </div>
    </div>
  </div>
  <hr
    class="m-8 h-px bg-divider"
  />
  <div
    class="first:pt-24 container text-primary py-8 last:pb-16"
    id="goals"
  >
    <h2
      class="project-header text-center md:text-left"
    >
      Goals for 2022
    </h2>
    <p
      class="my-4"
    >
      Here are some languages and technologies I am keen to learn in 2022.
    </p>
    <ul
      class="list-none mt-8 ml-14"
    >
      <li
        class="before:border-traffic-green relative my-4 before:content-[\\"\\"] before:absolute before:-left-12 before:w-6 before:h-6 before:border-2 before:rounded-xl"
      >
        TypeScript
      </li>
      <li
        class="before:border-traffic-green relative my-4 before:content-[\\"\\"] before:absolute before:-left-12 before:w-6 before:h-6 before:border-2 before:rounded-xl"
      >
        ESLint
      </li>
      <li
        class="before:border-traffic-amber relative my-4 before:content-[\\"\\"] before:absolute before:-left-12 before:w-6 before:h-6 before:border-2 before:rounded-xl"
      >
        Extension API
      </li>
      <li
        class="before:border-traffic-red relative my-4 before:content-[\\"\\"] before:absolute before:-left-12 before:w-6 before:h-6 before:border-2 before:rounded-xl"
      >
        Next.js
      </li>
      <li
        class="before:border-traffic-red relative my-4 before:content-[\\"\\"] before:absolute before:-left-12 before:w-6 before:h-6 before:border-2 before:rounded-xl"
      >
        Web Sockets
      </li>
      <li
        class="before:border-traffic-red relative my-4 before:content-[\\"\\"] before:absolute before:-left-12 before:w-6 before:h-6 before:border-2 before:rounded-xl"
      >
        Docker
      </li>
    </ul>
  </div>
</div>
`;
