// Jest Snapshot v1, https://goo.gl/fbAQLP

exports[`Pagination component renders 1`] = `
<div>
  <div
    class="first:pt-24 container text-primary py-8 last:pb-16"
  >
    <div
      class="project-pagination__grid mx-auto grid w-full max-w-4xl grid-cols-1 items-stretch gap-4 sm:max-w-5xl sm:grid-cols-2 sm:gap-5"
    >
      <a
        aria-label="Previous project: Sorting Algorithm Visualiser"
        class="project-pagination__card flex w-full min-h-[4.75rem] items-center gap-3 rounded-2xl border p-3.5 text-left no-underline transition [transition-property:box-shadow,transform,opacity] duration-200 [transition-timing-function:cubic-bezier(0.25,1,0.5,1)] sm:min-h-0 sm:gap-4 sm:p-4 group border-header/10 bg-background/90 text-link shadow-sm hover:border-link/25 hover:shadow-md focus-visible:outline focus-visible:outline-2 focus-visible:outline-offset-2 focus-visible:outline-link/40 motion-safe:hover:-translate-y-0.5 motion-safe:active:translate-y-0 motion-safe:active:scale-[0.985]"
        href="/projects/sorting-algorithm-visualiser"
      >
        <span
          aria-hidden="true"
          class="project-pagination__icon-well flex h-10 w-10 flex-shrink-0 items-center justify-center rounded-xl bg-link/[0.08] transition-[transform,background-color] duration-200 [transition-timing-function:cubic-bezier(0.25,1,0.5,1)] group-hover:bg-link/[0.12] motion-safe:group-hover:scale-105"
        >
          <svg
            class="h-5 w-5 fill-link transition-[transform,fill] duration-200 [transition-timing-function:cubic-bezier(0.25,1,0.5,1)] group-hover:fill-link-hover group-hover:-translate-x-0.5 motion-reduce:group-hover:translate-x-0"
            viewBox="0 0 24 24"
            xmlns="http://www.w3.org/2000/svg"
          >
            <path
              d="M0 0h24v24H0V0z"
              fill="none"
              opacity=".87"
            />
            <path
              d="M17.51 3.87L15.73 2.1 5.84 12l9.9 9.9 1.77-1.77L9.38 12l8.13-8.13z"
            />
          </svg>
        </span>
        <div
          class="min-w-0 flex-1"
        >
          <p
            class="text-[0.7rem] font-medium uppercase tracking-wider text-header/75"
          >
            Previous
          </p>
          <p
            class="mt-0.5 line-clamp-2 font-primary text-base font-semibold text-header"
            title="Sorting Algorithm Visualiser"
          >
            Sorting Algorithm Visualiser
          </p>
        </div>
      </a>
      <a
        aria-label="Next project: BSplit"
        class="project-pagination__card flex w-full min-h-[4.75rem] items-center gap-3 rounded-2xl border p-3.5 text-left no-underline transition [transition-property:box-shadow,transform,opacity] duration-200 [transition-timing-function:cubic-bezier(0.25,1,0.5,1)] sm:min-h-0 sm:gap-4 sm:p-4 group border-header/10 bg-background/90 text-link shadow-sm hover:border-link/25 hover:shadow-md focus-visible:outline focus-visible:outline-2 focus-visible:outline-offset-2 focus-visible:outline-link/40 motion-safe:hover:-translate-y-0.5 motion-safe:active:translate-y-0 motion-safe:active:scale-[0.985]"
        href="/projects/bsplit"
      >
        <div
          class="min-w-0 flex-1 text-right"
        >
          <p
            class="text-[0.7rem] font-medium uppercase tracking-wider text-header/75"
          >
            Next
          </p>
          <p
            class="mt-0.5 line-clamp-2 font-primary text-base font-semibold text-header"
            title="BSplit"
          >
            BSplit
          </p>
        </div>
        <span
          aria-hidden="true"
          class="project-pagination__icon-well flex h-10 w-10 flex-shrink-0 items-center justify-center rounded-xl bg-link/[0.08] transition-[transform,background-color] duration-200 [transition-timing-function:cubic-bezier(0.25,1,0.5,1)] group-hover:bg-link/[0.12] motion-safe:group-hover:scale-105"
        >
          <svg
            class="h-5 w-5 fill-link transition-[transform,fill] duration-200 [transition-timing-function:cubic-bezier(0.25,1,0.5,1)] group-hover:fill-link-hover group-hover:translate-x-0.5 motion-reduce:group-hover:translate-x-0"
            enable-background="new 0 0 24 24"
            viewBox="0 0 24 24"
            xmlns="http://www.w3.org/2000/svg"
          >
            <g>
              <path
                d="M0,0h24v24H0V0z"
                fill="none"
              />
            </g>
            <g>
              <polygon
                points="6.23,20.23 8,22 18,12 8,2 6.23,3.77 14.46,12"
              />
            </g>
          </svg>
        </span>
      </a>
    </div>
  </div>
</div>
`;
