// Jest Snapshot v1, https://goo.gl/fbAQLP

exports[`CarouselImage component renders 1`] = `
<div>
  <div
    class="opacity-100 absolute top-0 left-0 w-full h-full clip-inset duration-2000 transition-opacity"
  >
    <img
      alt=""
      class="fixed object-cover object-center w-full h-full"
      data-nimg="1"
      decoding="async"
      height="100"
      loading="lazy"
      src="/_next/image?url=%2F%23image&w=256&q=75"
      srcset="/_next/image?url=%2F%23image&w=128&q=75 1x, /_next/image?url=%2F%23image&w=256&q=75 2x"
      style="color: transparent; background-size: cover; background-position: 50% 50%; background-repeat: no-repeat;"
      width="100"
    />
  </div>
</div>
`;
