// Jest Snapshot v1, https://goo.gl/fbAQLP

exports[`NotFound page renders 1`] = `
<div>
  <div
    class="first:pt-24 container text-primary py-8 last:pb-16"
  >
    <h1
      class="mt-12 tracking-tight text-9xl font-extrabold text-center"
    >
      404
    </h1>
    <h2
      class="mb-8 tracking-tight text-6xl font-extrabold text-center"
    >
      Page Not Found
    </h2>
  </div>
  <hr
    class="m-8 h-px bg-divider"
  />
  <div
    class="first:pt-24 container text-primary py-8 last:pb-16"
  >
    <p
      class="text-center md:text-left mb-4"
    >
      The requested page does not exist. You can use the following links to navigate:
    </p>
    <p
      class="text-center md:text-left md:ml-4"
    >
      <a
        class="text-link hover:text-link-hover focus:text-link-hover"
        href="/"
      >
        Return to Homepage
      </a>
    </p>
    <p
      class="text-center md:text-left md:ml-4"
    >
      <a
        class="text-link hover:text-link-hover focus:text-link-hover"
        href="/about"
      >
        About Me
      </a>
    </p>
    <p
      class="text-center md:text-left md:ml-4"
    >
      <a
        class="text-link hover:text-link-hover focus:text-link-hover"
        href="/projects"
      >
        Projects
      </a>
    </p>
    <p
      class="text-center md:text-left md:ml-4"
    >
      <a
        class="text-link hover:text-link-hover focus:text-link-hover"
        href="/CV.pdf"
        rel="noopener noreferrer"
        target="_blank"
      >
        CV
      </a>
    </p>
    <p
      class="text-center md:text-left md:ml-4"
    >
      <a
        class="text-link hover:text-link-hover focus:text-link-hover"
        href="https://github.com/KyleGough"
        rel="noopener noreferrer"
        target="_blank"
      >
        GitHub
      </a>
    </p>
  </div>
</div>
`;
