// Jest Snapshot v1, https://goo.gl/fbAQLP

exports[`Screenshots component renders 1`] = `
<div>
  <div
    class="first:pt-24 container text-primary py-8 last:pb-16"
  >
    <h2
      class="text-3xl mb-12"
    >
      Screenshots
    </h2>
    <div
      class="grid grid-cols-12 gap-4"
    >
      <figure
        class="col-span-12 md:col-span-6 lg:col-span-6"
      >
        <img
          alt="Image A"
          class="cursor-pointer border-2 border-link hover:border-link-hover"
          loading="lazy"
          src="/#"
        />
        <figcaption
          class="my-2 text-sm text-center text-light font-thin"
        >
          Image A
        </figcaption>
      </figure>
      <figure
        class="col-span-12 md:col-span-6 lg:col-span-6"
      >
        <img
          alt="Image B"
          class="cursor-pointer border-2 border-link hover:border-link-hover"
          loading="lazy"
          src="/#"
        />
        <figcaption
          class="my-2 text-sm text-center text-light font-thin"
        >
          Image B
        </figcaption>
      </figure>
    </div>
  </div>
</div>
`;
