// Jest Snapshot v1, https://goo.gl/fbAQLP

exports[`TimelineWidget component renders 1`] = `
<div>
  <div
    class="grid grid-cols-1 md:grid-cols-2 my-16 relative before:absolute before:content-[""] before:h-2/4 before:w-[2px] before:right-0 md:before:left-2/4 before:bg-gradient-to-t before:from-timeline before:via-timeline before:to-transparent after:absolute after:content-[""] after:h-2/4 after:w-[2px] after:top-2/4 after:right-0 md:after:left-2/4 after:bg-gradient-to-b after:from-timeline after:via-timeline after:to-transparent"
  >
    <div
      class="flex items-center justify-end h-48"
    >
      <div
        class="opacity-0 transition-opacity duration-1000"
      >
        <div
          class="relative w-16 md:w-24 lg:w-32 mr-8"
        >
          <img
            alt="Atom Learning"
            data-nimg="1"
            decoding="async"
            height="192"
            loading="lazy"
            src="/_next/image?url=%2Fimg%2Fatom.png&w=1920&q=75"
            srcset="/_next/image?url=%2Fimg%2Fatom.png&w=750&q=75 1x, /_next/image?url=%2Fimg%2Fatom.png&w=1920&q=75 2x"
            style="color: transparent;"
            width="706"
          />
        </div>
      </div>
      <div
        class="mr-8 opacity-0 transition-opacity duration-1000"
      >
        <p
          class="text-3xl"
        >
          Atom Learning
        </p>
        <p
          class="text-xl"
        >
          Front-End Engineer
        </p>
        <p>
          July 2022 - Present
        </p>
      </div>
      <div
        class="h-[2px] bg-timeline w-6 max-w-[12rem] grow"
      />
    </div>
    <div
      class="hidden md:block"
    />
    <div
      class="hidden md:block"
    />
    <div
      class="flex items-center justify-end h-48 md:flex-row-reverse"
    >
      <div
        class="opacity-0 transition-opacity duration-1000"
      >
        <div
          class="relative w-16 md:w-24 lg:w-32 mr-8 md:ml-8 md:mr-0"
        >
          <img
            alt="Bank of America"
            data-nimg="1"
            decoding="async"
            height="339"
            loading="lazy"
            src="/_next/image?url=%2Fimg%2Fbofa.png&w=1920&q=75"
            srcset="/_next/image?url=%2Fimg%2Fbofa.png&w=640&q=75 1x, /_next/image?url=%2Fimg%2Fbofa.png&w=1920&q=75 2x"
            style="color: transparent;"
            width="602"
          />
        </div>
      </div>
      <div
        class="mr-8 md:ml-8 md:mr-0 md:text-right opacity-0 transition-opacity duration-1000"
      >
        <p
          class="text-3xl"
        >
          Bank of America
        </p>
        <p
          class="text-xl"
        >
          Tech Analyst
        </p>
        <p>
          July 2020 - June 2022
        </p>
      </div>
      <div
        class="h-[2px] bg-timeline w-6 max-w-[12rem] grow"
      />
    </div>
    <div
      class="flex items-center justify-end h-48"
    >
      <div
        class="opacity-0 transition-opacity duration-1000"
      >
        <div
          class="relative w-16 md:w-24 lg:w-32 mr-8"
        >
          <img
            alt="Bank of America"
            data-nimg="1"
            decoding="async"
            height="339"
            loading="lazy"
            src="/_next/image?url=%2Fimg%2Fbofa.png&w=1920&q=75"
            srcset="/_next/image?url=%2Fimg%2Fbofa.png&w=640&q=75 1x, /_next/image?url=%2Fimg%2Fbofa.png&w=1920&q=75 2x"
            style="color: transparent;"
            width="602"
          />
        </div>
      </div>
      <div
        class="mr-8 opacity-0 transition-opacity duration-1000"
      >
        <p
          class="text-3xl"
        >
          Bank of America
        </p>
        <p
          class="text-xl"
        >
          Summer Intern
        </p>
        <p>
          June 2019 - August 2019
        </p>
      </div>
      <div
        class="h-[2px] bg-timeline w-6 max-w-[12rem] grow"
      />
    </div>
    <div
      class="hidden md:block"
    />
  </div>
</div>
`;
