// Jest Snapshot v1, https://goo.gl/fbAQLP

exports[`SkillItem component renders 1`] = `
<div>
  <div
    class="flex flex-row justify-center py-6"
  >
    <div
      class="w-3/12 lg:w-4/12 flex items-center"
    >
      <div
        class="progress-web progress overflow-hidden"
      >
        <div
          class="w-[75%] custom-duration progress-bar transition-transform ease-in-out -translate-x-full"
          style="--duration-factor: 75;"
        />
      </div>
    </div>
    <div
      class="w-9/12 lg:w-8/12 ml-6 flex items-center"
    >
      <div
        class="opacity-0 mr-4 w-8 h-8 transition-opacity duration-500 relative"
      >
        <img
          alt="React logo"
          data-nimg="1"
          decoding="async"
          height="30"
          loading="lazy"
          src="/_next/image?url=%2F%23logo&w=64&q=75"
          srcset="/_next/image?url=%2F%23logo&w=32&q=75 1x, /_next/image?url=%2F%23logo&w=64&q=75 2x"
          style="color: transparent;"
          width="30"
        />
      </div>
      <div>
        <p>
          <span
            class="font-extrabold text-lg"
          >
            React
          </span>
           -
           
          <span
            class="text-sm"
          >
            Portfolio, LucidLab, Minesweeper
          </span>
        </p>
      </div>
    </div>
  </div>
</div>
`;
