// Jest Snapshot v1, https://goo.gl/fbAQLP

exports[`SkillItem component renders 1`] = `
<div>
  <li
    class="flex flex-row py-6 ml-8 items-center relative before:absolute before:h-2 before:w-2 before:rounded-full before:-left-6"
  >
    <div
      class="mr-4 w-8 h-8 duration-500 relative opacity-0 transition-opacity duration-1000"
    >
      <img
        alt="React logo"
        data-nimg="1"
        decoding="async"
        height="30"
        loading="lazy"
        src="/_next/image?url=%2F%23logo&w=64&q=75"
        srcset="/_next/image?url=%2F%23logo&w=32&q=75 1x, /_next/image?url=%2F%23logo&w=64&q=75 2x"
        style="color: transparent;"
        width="30"
      />
    </div>
    <div>
      <p>
        <span
          class="font-extrabold text-lg"
        >
          React
        </span>
         -
         
        <span
          class="text-sm"
        >
          Portfolio, LucidLab, Minesweeper
        </span>
      </p>
    </div>
  </li>
</div>
`;
