// Jest Snapshot v1, https://goo.gl/fbAQLP

exports[`ProjectCard component renders 1`] = `
<div>
  <a
    class="opacity-0 group overflow-hidden duration-1000 transition-opacity ease-in-out rounded-2xl border-2 border-white shadow drop-shadow-lg"
    href="/#project"
  >
    <img
      alt="Alt Text"
      class="w-full"
      src="/#image"
    />
    <div
      class="text-white p-4 font-bold group-hover:brightness-125 group-focus:brightness-125 bg-nav-light"
    >
      <h3
        class="text-xl font-medium mb-4 h-[3.5rem] line-clamp-2"
      >
        Tagline
      </h3>
      <div
        class="flex justify-between items-center"
      >
        <p
          class="text-sm opacity-80"
        >
          <time
            datetime="2022-04"
          >
            April 2022
          </time>
        </p>
        <div
          class="brightness-200 text-xs px-4 py-0.5 h-8 leading-chip rounded-2xl font-extrabold text-chip bg-chip-light"
        >
          Haskell
        </div>
      </div>
    </div>
  </a>
</div>
`;
