// Jest Snapshot v1, https://goo.gl/fbAQLP

exports[`LabelledLogo component renders 1`] = `
<div>
  <div
    class="text-center mb-8"
  >
    <div
      class="w-8 h-8 mb-2 mx-auto"
    >
      <img
        alt="React Logo"
        data-nimg="1"
        decoding="async"
        height="30"
        loading="lazy"
        src="/_next/image?url=%2F%23&w=64&q=75"
        srcset="/_next/image?url=%2F%23&w=32&q=75 1x, /_next/image?url=%2F%23&w=64&q=75 2x"
        style="color: transparent;"
        width="30"
      />
    </div>
    <p
      class="text-sm"
    >
      React
    </p>
  </div>
</div>
`;
